// Jest Snapshot v1, https://goo.gl/fbAQLP

exports[`App It shows the correct text 1`] = `
<div>
  React redux starter
</div>
`;
